// Vitest Snapshot v1

exports[`react > defineComponent() > context > provide/inject() > should provide reactive data to children 1`] = `
<button>
  <div>
    1
  </div>
</button>
`;
